8086/87/88/186 MACRO ASSEMBLER    DRAM                                                     17:17:25  06/02/;6  PAGE    1


DOS 5.0 (038-N) 8086/87/88/186 MACRO ASSEMBLER V3.1 ASSEMBLY OF MODULE DRAM
OBJECT MODULE PLACED IN DRAM.OBJ
ASSEMBLER INVOKED BY:  C:\WINDOWS\SYSTEM32\ASM86.EXE DRAM.ASM M1 EP DB


LOC  OBJ                  LINE     SOURCE

                             1         NAME  DRAM
                             2     ;;;;;;;;;;;;;;;;;;;;;;;;;;;;;;;;;;;;;;;;;;;;;;;;;;;;;;;;;;;;;;;;;;;;;;;;;;;;;;
                             3     ;                                                                            ;
                             4     ;                                     DRAM                                   ;
                             5     ;                                 DRAM Functions                             ;
                             6     ;                                   EE/CS 52                                 ;
                             7     ;                                                                            ;
                             8     ;;;;;;;;;;;;;;;;;;;;;;;;;;;;;;;;;;;;;;;;;;;;;;;;;;;;;;;;;;;;;;;;;;;;;;;;;;;;;;
                             9     
                            10     ; Description:   This file contains the functions relating to the DRAM.
                            11     ;
                            12     
                            13     ; Table of Contents:
                            14     ;
                            15     ;        RefreshDRAM           -accesses PCS4 to trigger DRAM refresh
                            16     
                            17     ; Revision History:
                            18     ;
                            19     ;    5/6/16    Tim Liu    initial revision
                            20     ;
                            21     ;
                            22     ; local include files
                            23 +1  $INCLUDE(DRAM.INC)
                      =1    24     ;;;;;;;;;;;;;;;;;;;;;;;;;;;;;;;;;;;;;;;;;;;;;;;;;;;;;;;;;;;;;;;;;;;;;;;;;;;;;;
                      =1    25     ;                                                                            ;
                      =1    26     ;                                   DRAM.INC                                 ;
                      =1    27     ;                             DRAM - MP3 includefile                         ;
                      =1    28     ;                                   EE/CS 52                                 ;
                      =1    29     ;                                                                            ;
                      =1    30     ;;;;;;;;;;;;;;;;;;;;;;;;;;;;;;;;;;;;;;;;;;;;;;;;;;;;;;;;;;;;;;;;;;;;;;;;;;;;;;
                      =1    31     
                      =1    32     ; Description:   This function contains the definitions related to DRAM
                      =1    33     ;                refresh.
                      =1    34     
                      =1    35     
  0240                =1    36     PCS4Address        EQU        240H     ;address in PCS4 to trigger
                      =1    37                                            ;DRAM Refresh
                      =1    38     
  0020                =1    39     RefreshRows        EQU         32      ;number of rows to refresh for 
                      =1    40                                            ;call to RefreshDRAM
                      =1    41     
                            42     
                            43     CGROUP    GROUP    CODE
                            44     
                            45     
----                        46     CODE SEGMENT PUBLIC 'CODE'
                            47     
                            48             ASSUME  CS:CGROUP 
                            49     
                            50     ;external function declarations
8086/87/88/186 MACRO ASSEMBLER    DRAM                                                     17:17:25  06/02/;6  PAGE    2


LOC  OBJ                  LINE     SOURCE

                            51     
                            52     ;Name:               RefreshDRAM
                            53     ;
                            54     ;Description:        This function triggers a CAS before RAS refresh. The
                            55     ;                    function loops and reads PCS4Address RefreshRows
                            56     ;                    number of times. The function is called by
                            57     ;                    DRAMRefreshEH at every timer1 interrupt.
                            58     ; 
                            59     ;Operation:          The function first saves the registers. It then loads
                            60     ;                    the constant RefreshRows into BX. RefreshRows is the
                            61     ;                    number of rows that will be refreshed with each
                            62     ;                    call to RefreshDRAM. The function then loops
                            63     ;                    and reads from PCS4Address RefreshRows times. The
                            64     ;                    function then restores the registers and returns.
                            65     ;
                            66     ;Arguments:          None
                            67     ;
                            68     ;Return Values:      None
                            69     ;
                            70     ;Local Variables:    BX - number of rows left to refresh
                            71     ;
                            72     ;Shared Variables:   None
                            73     ;
                            74     ;Output:             None
                            75     ;
                            76     ;Error Handling:     None
                            77     ;
                            78     ;Algorithms:         None
                            79     ;
                            80     ;Registers Used:     AX, BX, DX
                            81     ;
                            82     ;Known Bugs:         None
                            83     ;
                            84     ;Limitations:        None
                            85     ;
                            86     ;Author:             Timothy Liu
                            87     ;
                            88     ;Last Modified       5/6/16
                            89     
0000                        90     RefreshDRAM        PROC    NEAR
                            91                        PUBLIC  RefreshDRAM
                            92     
0000                        93     RefreshDRAMStart:                    ;starting label
                            94                                          ;registers saved by event handler
0000 BB2000                 95         MOV     BX, RefreshRows          ;load number of rows left to refresh
0003 BA4002                 96         MOV     DX, PCS4Address          ;load address to read from
                            97     
0006                        98     RefreshDRAMLoop:                     ;loop reading PCS4Address
0006 83FB00                 99         CMP    BX, 0                     ;check if no rows left to refresh
0009 7404                  100         JE     RefreshDRAMDone           ;no rows left - done with function
000B ED                    101         IN     AX, DX                    ;read PCS4 to trigger refresh
000C 4B                    102         DEC    BX                        ;one fewer road left to refresh
000D EBF7                  103         JMP    RefreshDRAMLoop           ;keep looping
                           104     
000F                       105     RefreshDRAMDone:                     ;done refreshing - registers saved by EH
8086/87/88/186 MACRO ASSEMBLER    DRAM                                                     17:17:25  06/02/;6  PAGE    3


LOC  OBJ                  LINE     SOURCE

000F C3                    106         RET
                           107     
                           108     
                           109     RefreshDRAM        ENDP
                           110     
                           111     
                           112     
----                       113     CODE ENDS
                           114     
                           115             END

ASSEMBLY COMPLETE, NO ERRORS FOUND
